ARM Linker, 4.1 [Build 567] [Standard]

==============================================================================

Section Cross References

    startup_lpc17xx.o(STACK) refers (Special) to heapauxi.o(.text) for __use_two_region_memory
    startup_lpc17xx.o(HEAP) refers (Special) to heapauxi.o(.text) for __use_two_region_memory
    startup_lpc17xx.o(RESET) refers (Special) to heapauxi.o(.text) for __use_two_region_memory
    startup_lpc17xx.o(RESET) refers to startup_lpc17xx.o(STACK) for __initial_sp
    startup_lpc17xx.o(RESET) refers to startup_lpc17xx.o(.text) for Reset_Handler
    startup_lpc17xx.o(RESET) refers to timer1.o(.text) for TIMER1_IRQHandler
    startup_lpc17xx.o(RESET) refers to uart_base.o(.text) for UART0_IRQHandler
    startup_lpc17xx.o(RESET) refers to rtc_base.o(.text) for RTC_IRQHandler
    startup_lpc17xx.o(RESET) refers to usbhw.o(.text) for USB_IRQHandler
    startup_lpc17xx.o(RESET) refers to emac_lpc17xx.o(.text) for ENET_IRQHandler
    startup_lpc17xx.o(.text) refers (Special) to heapauxi.o(.text) for __use_two_region_memory
    startup_lpc17xx.o(.text) refers to __main.o(!!!main) for __main
    startup_lpc17xx.o(.text) refers to startup_lpc17xx.o(HEAP) for Heap_Mem
    startup_lpc17xx.o(.text) refers to startup_lpc17xx.o(STACK) for Stack_Mem
    system_lpc17xx.o(.text) refers to system_lpc17xx.o(.data) for SystemFrequency
    usbcore.o(.text) refers to usbhw.o(.text) for USB_ReadEP
    usbcore.o(.text) refers to usbcore.o(i.USB_ReqGetStatus) for USB_ReqGetStatus
    usbcore.o(.text) refers to usbcore.o(i.USB_ReqSetClrFeature) for USB_ReqSetClrFeature
    usbcore.o(.text) refers to usbcore.o(i.USB_ReqGetDescriptor) for USB_ReqGetDescriptor
    usbcore.o(.text) refers to usbcore.o(i.USB_ReqSetConfiguration) for USB_ReqSetConfiguration
    usbcore.o(.text) refers to usbuser.o(.text) for USB_Configure_Event
    usbcore.o(.text) refers to usbcore.o(i.USB_ReqSetInterface) for USB_ReqSetInterface
    usbcore.o(.text) refers to hiduser.o(.text) for HID_GetReport
    usbcore.o(.text) refers to usbcore.o(.data) for USB_DeviceStatus
    usbcore.o(.text) refers to usbcore.o(.bss) for EP0Buf
    usbhw.o(.text) refers to usbuser.o(.text) for USB_Reset_Event
    usbhw.o(.text) refers to usbcore.o(.data) for USB_DeviceStatus
    usbhw.o(.text) refers to usbuser.o(.constdata) for USB_P_EP
    usbuser.o(.text) refers to usbcore.o(.text) for USB_ResetCore
    usbuser.o(.text) refers to comm_base.o(.text) for usbtx_callback
    usbuser.o(.text) refers to usbhw.o(.text) for USB_WriteEP
    usbuser.o(.text) refers to usbuser.o(.data) for USB_FLAGINFO
    usbuser.o(.text) refers to usbcore.o(.data) for USB_Configuration
    usbuser.o(.text) refers to comm_base.o(.bss) for InReport
    usbuser.o(.constdata) refers to usbcore.o(.text) for USB_EndPoint0
    usbuser.o(.constdata) refers to usbuser.o(.text) for USB_EndPoint1
    hiduser.o(.text) refers to comm_base.o(.text) for usbtx_callback
    hiduser.o(.text) refers to usbcore.o(.data) for SetupPacket
    hiduser.o(.text) refers to comm_base.o(.bss) for InReport
    hiduser.o(.text) refers to usbcore.o(.bss) for EP0Buf
    hiduser.o(.text) refers to hiduser.o(.data) for HID_IdleTime
    app.o(.text) refers to queue.o(.bss) for cfg
    app.o(.text) refers to iap_user.o(.text) for WriteConfig
    app.o(.text) refers to at_udp.o(i.udp_get_socket) for udp_get_socket
    app.o(.text) refers to at_udp.o(i.udp_open) for udp_open
    app.o(.text) refers to at_system.o(i.timer_tick) for timer_tick
    app.o(.text) refers to at_lib.o(i.mem_test) for mem_test
    app.o(.text) refers to at_dhcp.o(i.dhcp_disable) for dhcp_disable
    app.o(.text) refers to pwm.o(.text) for PWM_Beep
    app.o(.text) refers to spi_flash.o(.text) for spi_EraseSector
    app.o(.text) refers to uart_base.o(.text) for UART_PutChar
    app.o(.text) refers to spi_fs_flash.o(.text) for spi_FlashFs_EraseSector
    app.o(.text) refers to comm_base.o(.text) for Send_GetRequest
    app.o(.text) refers to comm_base.o(.data) for socket_udp
    app.o(.text) refers to app.o(.data) for tick
    app.o(.text) refers to at_system.o(.bss) for localm
    app.o(.text) refers to comm_config.o(.data) for COMM_userOptions
    app.o(.text) refers to queue.o(.text) for CalcForecast
    app.o(.text) refers to rt_memcpy_w.o(.text) for __aeabi_memcpy4
    app.o(.text) refers to app.o(.constdata) for .constdata
    app.o(.text) refers to usercomm.o(.bss) for atdProtocol
    app.o(.text) refers to app.o(.bss) for formatTicket
    app.o(.text) refers to imp_engworks.o(.text) for PrintENG_ReadStatus
    app.o(.text) refers to usercomm.o(.data) for forecastServer
    app.o(.text) refers to rtc_base.o(.text) for Get_RTC
    app.o(.text) refers to system_lpc17xx.o(.text) for SystemInit
    app.o(.text) refers to usbhw.o(.text) for USB_Init
    app.o(.text) refers to spi_base.o(.text) for init_spi
[...]
    lenClientPrn                             0x00060250   Data           2  report.o(.constdata)
    clientPrn                                0x00060252   Data         542  report.o(.constdata)
    lenClientLcd1                            0x00060470   Data           2  report.o(.constdata)
    clientLcd1                               0x00060472   Data         958  report.o(.constdata)
    lenClientLcd2                            0x00060830   Data           2  report.o(.constdata)
    clientLcd2                               0x00060832   Data         958  report.o(.constdata)
    nlocalm                                  0x00060cf4   Data          60  net_config.o(.constdata)
    netif_cfg                                0x00060d30   Data           1  net_config.o(.constdata)
    MPool_Size                               0x00060d34   Data           4  net_config.o(.constdata)
    tick_rate                                0x00060d38   Data           2  net_config.o(.constdata)
    arp_TabSize                              0x00060d3a   Data           2  net_config.o(.constdata)
    arp_TimeOut                              0x00060d3c   Data           2  net_config.o(.constdata)
    arp_MaxRetry                             0x00060d3e   Data           1  net_config.o(.constdata)
    arp_Resend                               0x00060d3f   Data           1  net_config.o(.constdata)
    dhcp_vcid                                0x00060d40   Data           1  net_config.o(.constdata)
    udp_NumSocks                             0x00060d41   Data           1  net_config.o(.constdata)
    tcp_NumSocks                             0x00060d42   Data           1  net_config.o(.constdata)
    tcp_MaxRetry                             0x00060d43   Data           1  net_config.o(.constdata)
    tcp_RetryTout                            0x00060d44   Data           2  net_config.o(.constdata)
    tcp_2MSSTout                             0x00060d46   Data           2  net_config.o(.constdata)
    tcp_SynRetryTout                         0x00060d48   Data           2  net_config.o(.constdata)
    tcp_InitRetryTout                        0x00060d4a   Data           2  net_config.o(.constdata)
    tcp_DefTout                              0x00060d4c   Data           2  net_config.o(.constdata)
    tcp_ConRetry                             0x00060d4e   Data           1  net_config.o(.constdata)
    http_NumSess                             0x00060d4f   Data           1  net_config.o(.constdata)
    http_PortNum                             0x00060d50   Data           2  net_config.o(.constdata)
    http_auth_dev                            0x00060d52   Data          16  net_config.o(.constdata)
    http_auth_user                           0x00060d62   Data           6  net_config.o(.constdata)
    _NFILE                                   0x00060d68   Data           2  file_config.o(.constdata)
    _CPU_CLK                                 0x00060d6c   Data           4  file_config.o(.constdata)
    FlashDev                                 0x00060d70   Data           8  file_config.o(.constdata)
    _FlashNumSect                            0x00060d78   Data           2  file_config.o(.constdata)
    _BlockFREE                               0x00060d7c   Data           4  file_config.o(.constdata)
    _BASE_ADR                                0x00060d80   Data           4  file_config.o(.constdata)
    SpiDev                                   0x00060d84   Data          64  file_config.o(.constdata)
    _SpiNumSect                              0x00060dc4   Data           2  file_config.o(.constdata)
    _SpiBlFREE                               0x00060dc8   Data           4  file_config.o(.constdata)
    RamDev                                   0x00060dcc   Data           8  file_config.o(.constdata)
    _RamNumSect                              0x00060dd4   Data           2  file_config.o(.constdata)
    _MC_CSIZE                                0x00060dd6   Data           2  file_config.o(.constdata)
    http_err_401                             0x0006133f   Data         114  http_err.o(.constdata)
    http_err_404                             0x000613b1   Data         113  http_err.o(.constdata)
    http_err_501                             0x00061422   Data         101  http_err.o(.constdata)
    http_err_head                            0x00061487   Data          50  http_err.o(.constdata)
    http_err_foot                            0x000614b9   Data         117  http_err.o(.constdata)
    __stdin_name                             0x0006152e   Data           6  retarget.o(.constdata)
    __stdout_name                            0x00061534   Data           7  retarget.o(.constdata)
    __stderr_name                            0x0006153b   Data           7  retarget.o(.constdata)
    crc16Table                               0x00061542   Data         512  crc16.o(.constdata)
    MAC_Broadcast                            0x00061814   Data           6  at_ethernet.o(.constdata)
    flash_sector_addrs                       0x0006181c   Data         120  iap_user.o(.constdata)
    flash_sector_sizes                       0x00061894   Data         120  iap_user.o(.constdata)
    CHAR5x7                                  0x0006190c   Data         762  imp_engworks.o(.constdata)
    tabMonth                                 0x00061c08   Data          12  rtc_base.o(.constdata)
    tabWeek                                  0x00061c14   Data           7  rtc_base.o(.constdata)
    difBissexto                              0x00061c1c   Data         136  rtc_base.o(.constdata)
    IP_Broadcast                             0x00061ca4   Data           4  at_ip.o(.constdata)
    cmd                                      0x00061d54   Data         992  comm_def.o(.constdata)
    cmd_size                                 0x00062134   Data           4  comm_def.o(.constdata)
    char_1                                   0x00062138   Data          35  imp_base.o(.constdata)
    char_2                                   0x0006215b   Data          35  imp_base.o(.constdata)
    char_3                                   0x0006217e   Data          35  imp_base.o(.constdata)
    char_4                                   0x000621a1   Data          35  imp_base.o(.constdata)
    char_5                                   0x000621c4   Data          35  imp_base.o(.constdata)
    char_6                                   0x000621e7   Data          35  imp_base.o(.constdata)
    char_7                                   0x0006220a   Data          35  imp_base.o(.constdata)
    char_8                                   0x0006222d   Data          35  imp_base.o(.constdata)
    char_9                                   0x00062250   Data          35  imp_base.o(.constdata)
    char_0                                   0x00062273   Data          35  imp_base.o(.constdata)
    char_A                                   0x00062296   Data          35  imp_base.o(.constdata)
    char_B                                   0x000622b9   Data          35  imp_base.o(.constdata)
    char_C                                   0x000622dc   Data          35  imp_base.o(.constdata)
    char_D                                   0x000622ff   Data          35  imp_base.o(.constdata)
    char_E                                   0x00062322   Data          35  imp_base.o(.constdata)
    char_F                                   0x00062345   Data          35  imp_base.o(.constdata)
    char_G                                   0x00062368   Data          35  imp_base.o(.constdata)
    char_H                                   0x0006238b   Data          35  imp_base.o(.constdata)
    char_I                                   0x000623ae   Data          35  imp_base.o(.constdata)
    char_J                                   0x000623d1   Data          35  imp_base.o(.constdata)
    char_K                                   0x000623f4   Data          35  imp_base.o(.constdata)
    char_L                                   0x00062417   Data          35  imp_base.o(.constdata)
    char_M                                   0x0006243a   Data          35  imp_base.o(.constdata)
    char_N                                   0x0006245d   Data          35  imp_base.o(.constdata)
    char_O                                   0x00062480   Data          35  imp_base.o(.constdata)
    char_P                                   0x000624a3   Data          35  imp_base.o(.constdata)
    char_Q                                   0x000624c6   Data          35  imp_base.o(.constdata)
    char_R                                   0x000624e9   Data          35  imp_base.o(.constdata)
    char_S                                   0x0006250c   Data          35  imp_base.o(.constdata)
    char_T                                   0x0006252f   Data          35  imp_base.o(.constdata)
    char_U                                   0x00062552   Data          35  imp_base.o(.constdata)
    char_V                                   0x00062575   Data          35  imp_base.o(.constdata)
    char_W                                   0x00062598   Data          35  imp_base.o(.constdata)
    char_X                                   0x000625bb   Data          35  imp_base.o(.constdata)
    char_Y                                   0x000625de   Data          35  imp_base.o(.constdata)
    char_Z                                   0x00062601   Data          35  imp_base.o(.constdata)
    char_esp                                 0x00062624   Data          35  imp_base.o(.constdata)
    char_inv_1                               0x00062647   Data          35  imp_base.o(.constdata)
    char_inv_2                               0x0006266a   Data          35  imp_base.o(.constdata)
    char_inv_3                               0x0006268d   Data          35  imp_base.o(.constdata)
    char_inv_4                               0x000626b0   Data          35  imp_base.o(.constdata)
    char_inv_5                               0x000626d3   Data          35  imp_base.o(.constdata)
    char_inv_6                               0x000626f6   Data          35  imp_base.o(.constdata)
    char_inv_7                               0x00062719   Data          35  imp_base.o(.constdata)
    char_inv_8                               0x0006273c   Data          35  imp_base.o(.constdata)
    char_inv_9                               0x0006275f   Data          35  imp_base.o(.constdata)
    char_inv_0                               0x00062782   Data          35  imp_base.o(.constdata)
    char_inv_A                               0x000627a5   Data          35  imp_base.o(.constdata)
    char_inv_B                               0x000627c8   Data          35  imp_base.o(.constdata)
    char_inv_C                               0x000627eb   Data          35  imp_base.o(.constdata)
    char_inv_D                               0x0006280e   Data          35  imp_base.o(.constdata)
    char_inv_E                               0x00062831   Data          35  imp_base.o(.constdata)
    char_inv_F                               0x00062854   Data          35  imp_base.o(.constdata)
    char_inv_G                               0x00062877   Data          35  imp_base.o(.constdata)
    char_inv_H                               0x0006289a   Data          35  imp_base.o(.constdata)
    char_inv_I                               0x000628bd   Data          35  imp_base.o(.constdata)
    char_inv_J                               0x000628e0   Data          35  imp_base.o(.constdata)
    char_inv_K                               0x00062903   Data          35  imp_base.o(.constdata)
    char_inv_L                               0x00062926   Data          35  imp_base.o(.constdata)
    char_inv_M                               0x00062949   Data          35  imp_base.o(.constdata)
    char_inv_N                               0x0006296c   Data          35  imp_base.o(.constdata)
    char_inv_O                               0x0006298f   Data          35  imp_base.o(.constdata)
    char_inv_P                               0x000629b2   Data          35  imp_base.o(.constdata)
    char_inv_Q                               0x000629d5   Data          35  imp_base.o(.constdata)
    char_inv_R                               0x000629f8   Data          35  imp_base.o(.constdata)
    char_inv_S                               0x00062a1b   Data          35  imp_base.o(.constdata)
    char_inv_T                               0x00062a3e   Data          35  imp_base.o(.constdata)
    char_inv_U                               0x00062a61   Data          35  imp_base.o(.constdata)
    char_inv_V                               0x00062a84   Data          35  imp_base.o(.constdata)
    char_inv_W                               0x00062aa7   Data          35  imp_base.o(.constdata)
    char_inv_X                               0x00062aca   Data          35  imp_base.o(.constdata)
    char_inv_Y                               0x00062aed   Data          35  imp_base.o(.constdata)
    char_inv_Z                               0x00062b10   Data          35  imp_base.o(.constdata)
    char_inv_esp                             0x00062b33   Data          35  imp_base.o(.constdata)
    Region$$Table$$Base                      0x00062b9c   Number         0  anon$$obj.o(Region$$Table)
    Region$$Table$$Limit                     0x00062bcc   Number         0  anon$$obj.o(Region$$Table)
    __ctype                                  0x00062bd9   Data           0  lc_ctype_c.o(locale$$data)
    SystemFrequency                          0x10000000   Data           4  system_lpc17xx.o(.data)
    USB_DeviceStatus                         0x10000004   Data           2  usbcore.o(.data)
    USB_DeviceAddress                        0x10000006   Data           1  usbcore.o(.data)
    USB_Configuration                        0x10000007   Data           1  usbcore.o(.data)
    USB_EndPointMask                         0x10000008   Data           4  usbcore.o(.data)
    USB_EndPointHalt                         0x1000000c   Data           4  usbcore.o(.data)
    USB_EndPointStall                        0x10000010   Data           4  usbcore.o(.data)
    USB_NumInterfaces                        0x10000014   Data           1  usbcore.o(.data)
    USB_AltSetting                           0x10000015   Data           1  usbcore.o(.data)
    EP0Data                                  0x10000018   Data           8  usbcore.o(.data)
    SetupPacket                              0x10000020   Data           8  usbcore.o(.data)
    USB_FLAGINFO                             0x10000028   Data           1  usbuser.o(.data)
    USB_CONNECTED                            0x10000029   Data           1  usbuser.o(.data)
    HID_Protocol                             0x1000002a   Data           1  hiduser.o(.data)
    HID_IdleTime                             0x1000002b   Data           1  hiduser.o(.data)
    devName                                  0x1000002c   Data           6  app.o(.data)
    versionFirm                              0x10000032   Data           4  app.o(.data)
    erroPrint                                0x10000038   Data           4  app.o(.data)
    STATPROG                                 0x1000003c   Data           1  app.o(.data)
    ethExist                                 0x1000003d   Data           1  app.o(.data)
    TIMETESTING                              0x1000003e   Data           1  app.o(.data)
    POWERON                                  0x1000003f   Data           1  app.o(.data)
    POWEROFF                                 0x10000040   Data           1  app.o(.data)
    DOREPORT                                 0x10000041   Data           1  app.o(.data)
    RESTARTSOFT                              0x10000042   Data           1  app.o(.data)
    PAPERWARNING                             0x10000043   Data           1  app.o(.data)
    PAPEREND                                 0x10000044   Data           1  app.o(.data)
    numFrame                                 0x10000045   Data           1  app.o(.data)
    lastAlphaDep                             0x10000046   Data          12  app.o(.data)
    programMode                              0x10000053   Data           1  app.o(.data)
    tick                                     0x10000054   Data           4  app.o(.data)
    dhcp_tout                                0x10000058   Data           4  app.o(.data)
    runRow                                   0x1000005c   Data           1  app.o(.data)
    runAlpha                                 0x1000005d   Data           1  app.o(.data)
    runTicket                                0x1000005e   Data           2  app.o(.data)
    runType                                  0x10000060   Data           1  app.o(.data)
    runUser                                  0x10000061   Data           1  app.o(.data)
    runDep                                   0x10000062   Data           1  app.o(.data)
    runFunc                                  0x10000063   Data           1  app.o(.data)
    f                                        0x10000064   Data           4  report.o(.data)
    nDat                                     0x10000068   Data           2  report.o(.data)
    SYSTEM_DONE                              0x1000006a   Data           1  report.o(.data)
    STATFILE                                 0x1000006b   Data           1  report.o(.data)
    adrIN                                    0x1000006c   Data           4  dataflash.o(.data)
    adrOUT                                   0x10000070   Data           4  dataflash.o(.data)
    pontAddr                                 0x10000074   Data           4  dataflash.o(.data)
    pontReader                               0x10000078   Data           4  dataflash.o(.data)
    adrLast                                  0x1000007c   Data           4  dataflash.o(.data)
    own_hw_adr                               0x10000080   Data           6  net_config.o(.data)
    http_EnAuth                              0x10000086   Data           1  net_config.o(.data)
    _DEF_DRIVE                               0x10000088   Data           2  file_config.o(.data)
    WEBREQUEST                               0x10000090   Data           1  http_cgi.o(.data)
    httpAlpha                                0x10000094   Data           1  http_cgi.o(.data)
    httpNumber                               0x10000096   Data           2  http_cgi.o(.data)
    httpUser                                 0x10000098   Data           1  http_cgi.o(.data)
    httpRow                                  0x10000099   Data           1  http_cgi.o(.data)
    httpFunc                                 0x1000009a   Data           1  http_cgi.o(.data)
    httpDep                                  0x1000009b   Data           1  http_cgi.o(.data)
    SPI_userOptions                          0x100000b0   Data           4  spi_config.o(.data)
    UART0_userOptions                        0x100000b4   Data           4  uart_config.o(.data)
    UART1_userOptions                        0x100000b8   Data           4  uart_config.o(.data)
    COMM_userOptions                         0x100000bc   Data           4  comm_config.o(.data)
    numTicketServer                          0x100000c0   Data           4  usercomm.o(.data)
    numFrameServer                           0x100000c4   Data           1  usercomm.o(.data)
    PROGMODE                                 0x100000c5   Data           1  usercomm.o(.data)
    remoteKey                                0x100000c6   Data           2  usercomm.o(.data)
    alphaServer                              0x100000c8   Data           1  usercomm.o(.data)
    dptoServer                               0x100000c9   Data           1  usercomm.o(.data)
    forecastServer                           0x100000ca   Data           6  usercomm.o(.data)
    TIM1_flag_delay                          0x100000d2   Data           1  timer1.o(.data)
    TIM1_flag_overflow                       0x100000d3   Data           1  timer1.o(.data)
    sys_tick                                 0x100000f8   Data           1  at_system.o(.data)
    sec_tick                                 0x100000f9   Data           1  at_system.o(.data)
    timer_cnt                                0x100000fc   Data           2  at_system.o(.data)
    frmRec                                   0x10000134   Data          28  comm_base.o(.data)
    localId                                  0x10000150   Data           1  comm_base.o(.data)
    idFrame                                  0x10000151   Data           1  comm_base.o(.data)
    socket_udp                               0x10000167   Data           1  comm_base.o(.data)
    remPortUdp                               0x10000168   Data           2  comm_base.o(.data)
    remIpUdp                                 0x1000016a   Data           4  comm_base.o(.data)
    flagSendUSB                              0x1000016e   Data           1  comm_base.o(.data)
    contDataUSB                              0x1000016f   Data           1  comm_base.o(.data)
    systemIniTime                            0x10000174   Data           4  rtc_base.o(.data)
    systemMsgTime                            0x10000178   Data           4  rtc_base.o(.data)
    __aeabi_stdin                            0x1000019c   Data           4  stdio_streams.o(.data)
    __aeabi_stdout                           0x100001a0   Data           4  stdio_streams.o(.data)
    __aeabi_stderr                           0x100001a4   Data           4  stdio_streams.o(.data)
    EP0Buf                                   0x100001a8   Data          64  usbcore.o(.bss)
    pticket                                  0x100001e8   Data        1028  app.o(.bss)
    call                                     0x100005ec   Data          80  app.o(.bss)
    lastTicket                               0x1000063c   Data         198  app.o(.bss)
    lastDep                                  0x10000702   Data          99  app.o(.bss)
    lastAlpha                                0x10000765   Data          99  app.o(.bss)
    lastTicketDep                            0x100007c8   Data          24  app.o(.bss)
    lastUser                                 0x100007e0   Data          12  app.o(.bss)
    atend                                    0x100007ec   Data          32  app.o(.bss)
    formatTicket                             0x1000080c   Data          92  app.o(.bss)
    UserFont                                 0x10000868   Data          64  app.o(.bss)
    tktNumber                                0x100008a8   Data          52  queue.o(.bss)
    contSchPri                               0x100008dc   Data          13  queue.o(.bss)
    queue                                    0x100008ea   Data          26  queue.o(.bss)
    lastCallDpto                             0x10000904   Data          52  queue.o(.bss)
    lastPrioDpto                             0x10000938   Data          52  queue.o(.bss)
    waitingTime                              0x1000096c   Data         260  queue.o(.bss)
    contSchHlp                               0x10000a70   Data          99  queue.o(.bss)
    lastCallUser                             0x10000ad4   Data         396  queue.o(.bss)
    lastPrioUser                             0x10000c60   Data         396  queue.o(.bss)
    cfg                                      0x10000dec   Data        2904  queue.o(.bss)
    userCall                                 0x10001944   Data         792  queue.o(.bss)
    info                                     0x10001c5c   Data         272  report.o(.bss)
    bufDat                                   0x10001d6c   Data         512  report.o(.bss)
    lhost_name                               0x10001f6c   Data          16  net_config.o(.bss)
    http_auth_passw                          0x10001f7c   Data          20  net_config.o(.bss)
    Mem_Pool                                 0x10001f90   Data        8192  net_config.o(.bss)
    arp_table                                0x10003f90   Data         140  net_config.o(.bss)
    udp_socket                               0x1000401c   Data          60  net_config.o(.bss)
    tcp_socket                               0x10004058   Data         352  net_config.o(.bss)
    http_session                             0x100041b8   Data         240  net_config.o(.bss)
    _iob                                     0x100042a8   Data         832  file_config.o(.bss)
    mc_cache                                 0x100045e8   Data        2048  file_config.o(.bss)
    bufTxUart0                               0x10004ef8   Data         100  uart_config.o(.bss)
    bufRxUart0                               0x10004f5c   Data         100  uart_config.o(.bss)
    bufTxUart1                               0x10004fc0   Data        3000  uart_config.o(.bss)
    bufRxUart1                               0x10005b78   Data          10  uart_config.o(.bss)
    bufComm                                  0x10005b82   Data         300  comm_config.o(.bss)
    rx_wifi                                  0x10005cae   Data        2048  comm_config.o(.bss)
    tx_wifi                                  0x100064ae   Data         300  comm_config.o(.bss)
    atdProtocol                              0x100065da   Data          24  usercomm.o(.bss)
    devNameServer                            0x100065f2   Data          60  usercomm.o(.bss)
    localm                                   0x100066cc   Data          60  at_system.o(.bss)
    buffDataUSB                              0x10006708   Data          64  comm_base.o(.bss)
    InReport                                 0x10006748   Data          64  comm_base.o(.bss)
    OutReport                                0x10006788   Data          64  comm_base.o(.bss)
    __stdin                                  0x1000691c   Data          80  stdio_streams.o(.bss)
    __stdout                                 0x1000696c   Data          80  stdio_streams.o(.bss)
    __stderr                                 0x100069bc   Data          80  stdio_streams.o(.bss)
    __libspace_start                         0x10006a0c   Data          96  libspace.o(.bss)
    __temporary_stack_top$libspace           0x10006a6c   Data           0  libspace.o(.bss)
    iap_entry                                0x2007c000   Data           4  emac_lpc17xx.o(.data)



==============================================================================

Memory Map of the image

  Image Entry point : 0x000100cd

  Load Region LR_IROM1 (Base: 0x00010000, Size: 0x00052e88, Max: 0x00070000, ABSOLUTE, COMPRESSED[0x00052d28])

    Execution Region ER_IROM1 (Base: 0x00010000, Size: 0x00052cdc, Max: 0x00070000, ABSOLUTE)

    Base Addr    Size         Type   Attr      Idx    E Section Name        Object

    0x00010000   0x000000cc   Data   RO            3    RESET               startup_lpc17xx.o
    0x000100cc   0x00000008   Code   RO         2160  * !!!main             c_w.l(__main.o)
    0x000100d4   0x00000034   Code   RO         2565    !!!scatter          c_w.l(__scatter.o)
    0x00010108   0x0000005a   Code   RO         2563    !!dczerorl2         c_w.l(__dczerorl2.o)
    0x00010162   0x00000002   PAD
    0x00010164   0x0000001a   Code   RO         2567    !!handler_copy      c_w.l(__scatter_copy.o)
    0x0001017e   0x00000002   PAD
    0x00010180   0x0000001c   Code   RO         2569    !!handler_zi        c_w.l(__scatter_zi.o)
    0x0001019c   0x00000000   Code   RO         2108    .ARM.Collect$$_printf_percent$$00000000  c_w.l(_printf_percent.o)
    0x0001019c   0x00000006   Code   RO         2101    .ARM.Collect$$_printf_percent$$00000001  c_w.l(_printf_n.o)
    0x000101a2   0x00000006   Code   RO         2103    .ARM.Collect$$_printf_percent$$00000002  c_w.l(_printf_p.o)
    0x000101a8   0x00000006   Code   RO         2105    .ARM.Collect$$_printf_percent$$00000008  c_w.l(_printf_i.o)
    0x000101ae   0x00000006   Code   RO         2106    .ARM.Collect$$_printf_percent$$00000009  c_w.l(_printf_d.o)
    0x000101b4   0x00000006   Code   RO         2107    .ARM.Collect$$_printf_percent$$0000000A  c_w.l(_printf_u.o)
    0x000101ba   0x00000006   Code   RO         2104    .ARM.Collect$$_printf_percent$$0000000B  c_w.l(_printf_o.o)
    0x000101c0   0x00000006   Code   RO         2102    .ARM.Collect$$_printf_percent$$0000000C  c_w.l(_printf_x.o)
    0x000101c6   0x0000000a   Code   RO         2264    .ARM.Collect$$_printf_percent$$00000012  c_w.l(_printf_l.o)
    0x000101d0   0x00000006   Code   RO         2099    .ARM.Collect$$_printf_percent$$00000013  c_w.l(_printf_c.o)
    0x000101d6   0x00000006   Code   RO         2100    .ARM.Collect$$_printf_percent$$00000014  c_w.l(_printf_s.o)
    0x000101dc   0x00000006   Code   RO         2109    .ARM.Collect$$_printf_percent$$00000015  c_w.l(_printf_lc.o)
    0x000101e2   0x00000004   Code   RO         2263    .ARM.Collect$$_printf_percent$$00000017  c_w.l(_printf_percent_end.o)
    0x000101e6   0x00000006   Code   RO         2487    .ARM.Collect$$libinit$$00000000  c_w.l(libinit.o)
    0x000101ec   0x00000008   Code   RO         2389    .ARM.Collect$$libinit$$00000001  c_w.l(libinit2.o)
    0x000101f4   0x00000000   Code   RO         2391    .ARM.Collect$$libinit$$00000006  c_w.l(libinit2.o)
    0x000101f4   0x00000000   Code   RO         2393    .ARM.Collect$$libinit$$00000008  c_w.l(libinit2.o)
    0x000101f4   0x00000000   Code   RO         2395    .ARM.Collect$$libinit$$0000000A  c_w.l(libinit2.o)
    0x000101f4   0x00000006   Code   RO         2396    .ARM.Collect$$libinit$$0000000B  c_w.l(libinit2.o)
    0x000101fa   0x00000000   Code   RO         2398    .ARM.Collect$$libinit$$0000000D  c_w.l(libinit2.o)
    0x000101fa   0x0000000c   Code   RO         2399    .ARM.Collect$$libinit$$0000000E  c_w.l(libinit2.o)
    0x00010206   0x00000000   Code   RO         2400    .ARM.Collect$$libinit$$0000000F  c_w.l(libinit2.o)
    0x00010206   0x00000000   Code   RO         2402    .ARM.Collect$$libinit$$00000011  c_w.l(libinit2.o)
    0x00010206   0x00000000   Code   RO         2404    .ARM.Collect$$libinit$$00000013  c_w.l(libinit2.o)
    0x00010206   0x00000000   Code   RO         2406    .ARM.Collect$$libinit$$00000015  c_w.l(libinit2.o)
    0x00010206   0x00000000   Code   RO         2408    .ARM.Collect$$libinit$$00000017  c_w.l(libinit2.o)
    0x00010206   0x00000000   Code   RO         2410    .ARM.Collect$$libinit$$00000019  c_w.l(libinit2.o)
    0x00010206   0x00000000   Code   RO         2412    .ARM.Collect$$libinit$$0000001B  c_w.l(libinit2.o)
    0x00010206   0x00000000   Code   RO         2414    .ARM.Collect$$libinit$$0000001D  c_w.l(libinit2.o)
    0x00010206   0x00000000   Code   RO         2416    .ARM.Collect$$libinit$$0000001F  c_w.l(libinit2.o)
    0x00010206   0x00000004   Code   RO         2417    .ARM.Collect$$libinit$$00000020  c_w.l(libinit2.o)
    0x0001020a   0x00000000   Code   RO         2418    .ARM.Collect$$libinit$$00000021  c_w.l(libinit2.o)
    0x0001020a   0x00000000   Code   RO         2422    .ARM.Collect$$libinit$$00000028  c_w.l(libinit2.o)
    0x0001020a   0x00000000   Code   RO         2424    .ARM.Collect$$libinit$$0000002A  c_w.l(libinit2.o)
    0x0001020a   0x00000000   Code   RO         2426    .ARM.Collect$$libinit$$0000002C  c_w.l(libinit2.o)
    0x0001020a   0x00000000   Code   RO         2428    .ARM.Collect$$libinit$$0000002E  c_w.l(libinit2.o)
    0x0001020a   0x00000002   Code   RO         2429    .ARM.Collect$$libinit$$0000002F  c_w.l(libinit2.o)
    0x0001020c   0x00000002   Code   RO         2548    .ARM.Collect$$libshutdown$$00000000  c_w.l(libshutdown.o)
    0x0001020e   0x00000004   Code   RO         2489    .ARM.Collect$$libshutdown$$00000002  c_w.l(libshutdown2.o)
    0x00010212   0x00000000   Code   RO         2490    .ARM.Collect$$libshutdown$$00000003  c_w.l(libshutdown2.o)
    0x00010212   0x00000000   Code   RO         2493    .ARM.Collect$$libshutdown$$00000006  c_w.l(libshutdown2.o)
    0x00010212   0x00000000   Code   RO         2496    .ARM.Collect$$libshutdown$$00000009  c_w.l(libshutdown2.o)
    0x00010212   0x00000000   Code   RO         2498    .ARM.Collect$$libshutdown$$0000000B  c_w.l(libshutdown2.o)
    0x00010212   0x00000000   Code   RO         2501    .ARM.Collect$$libshutdown$$0000000E  c_w.l(libshutdown2.o)
    0x00010212   0x00000002   Code   RO         2502    .ARM.Collect$$libshutdown$$0000000F  c_w.l(libshutdown2.o)
    0x00010214   0x00000000   Code   RO         2180    .ARM.Collect$$rtentry$$00000000  c_w.l(rtentry.o)
    0x00010214   0x00000000   Code   RO         2307    .ARM.Collect$$rtentry$$00000002  c_w.l(rtentry2.o)
    0x00010214   0x00000006   Code   RO         2322    .ARM.Collect$$rtentry$$00000004  c_w.l(rtentry4.o)
    0x0001021a   0x00000000   Code   RO         2309    .ARM.Collect$$rtentry$$00000009  c_w.l(rtentry2.o)
    0x0001021a   0x00000004   Code   RO         2310    .ARM.Collect$$rtentry$$0000000A  c_w.l(rtentry2.o)
    0x0001021e   0x00000000   Code   RO         2312    .ARM.Collect$$rtentry$$0000000C  c_w.l(rtentry2.o)
    0x0001021e   0x00000008   Code   RO         2313    .ARM.Collect$$rtentry$$0000000D  c_w.l(rtentry2.o)
    0x00010226   0x00000002   Code   RO         2503    .ARM.Collect$$rtexit$$00000000  c_w.l(rtexit.o)
    0x00010228   0x00000000   Code   RO         2524    .ARM.Collect$$rtexit$$00000002  c_w.l(rtexit2.o)
    0x00010228   0x00000004   Code   RO         2525    .ARM.Collect$$rtexit$$00000003  c_w.l(rtexit2.o)
    0x0001022c   0x00000006   Code   RO         2526    .ARM.Collect$$rtexit$$00000004  c_w.l(rtexit2.o)
    0x00010232   0x00000002   PAD
    0x00010234   0x00000000   Code   RO         2439    .emb_text           c_w.l(maybetermalloc1.o)
    0x00010234   0x00000038   Code   RO            4    .text               startup_lpc17xx.o
    0x0001026c   0x00000268   Code   RO           11    .text               system_lpc17xx.o
    0x000104d4   0x0000039c   Code   RO           64    .text               usbcore.o
    0x00010870   0x00000544   Code   RO          167    .text               usbhw.o
    0x00010db4   0x0000007c   Code   RO          200    .text               usbuser.o
    0x00010e30   0x000004b8   Code   RO          222    .text               hiduser.o
    0x000112e8   0x00002ba8   Code   RO          241    .text               app.o
    0x00013e90   0x00001548   Code   RO          318    .text               queue.o
    0x000153d8   0x00000fd0   Code   RO          344    .text               report.o
    0x000163a8   0x00000378   Code   RO          375    .text               dataflash.o
    0x00016720   0x0000006a   Code   RO          390    .text               net_config.o
    0x0001678a   0x00000002   PAD
    0x0001678c   0x000005d8   Code   RO          432    .text               emac_lpc17xx.o
    0x00016d64   0x00007f2c   Code   RO          459    .text               http_cgi.o
    0x0001ec90   0x000000a4   Code   RO          501    .text               http_uif.o
    0x0001ed34   0x00000014   Code   RO          533    .text               fs_time.o
    0x0001ed48   0x00000178   Code   RO          548    .text               retarget.o
    0x0001eec0   0x000001a0   Code   RO          653    .text               pwm.o
    0x0001f060   0x00002960   Code   RO          672    .text               usercomm.o
    0x000219c0   0x00000040   Code   RO          704    .text               crc16.o
    0x00021a00   0x0000010c   Code   RO          719    .text               timer1.o
    0x00021b0c   0x000001c8   Code   RO         1149    .text               LPC176xIAP.lib(iap_user.o)
    0x00021cd4   0x000005e8   Code   RO         1175    .text               LPC176xUART.lib(uart_base.o)
    0x000222bc   0x000004ac   Code   RO         1200    .text               LPC176xSPI.lib(spi_base.o)
    0x00022768   0x00000166   Code   RO         1222    .text               LPC176xSPI.lib(spi_flash.o)
    0x000228ce   0x00000150   Code   RO         1234    .text               LPC176xSPI.lib(spi_fs_flash.o)
    0x00022a1e   0x00000002   PAD
    0x00022a20   0x00000af4   Code   RO         1246    .text               LPC176xCOMM.lib(comm_base.o)
    0x00023514   0x00001a16   Code   RO         1277    .text               LPC176xIMP.lib(imp_engworks.o)
    0x00024f2a   0x00000002   PAD
    0x00024f2c   0x00000604   Code   RO         1305    .text               LPC176xRTC.lib(rtc_base.o)
    0x00025530   0x00000114   Code   RO         1922    .text               LPC176xIAP.lib(iap_base.o)
    0x00025644   0x000011bc   Code   RO         1954    .text               LPC176xIMP.lib(imp_base.o)
    0x00026800   0x00000002   Code   RO         2031    .text               c_w.l(use_no_semi.o)
    0x00026802   0x000000ee   Code   RO         2033    .text               c_w.l(lludivv7m.o)
    0x000268f0   0x0000002c   Code   RO         2035    .text               c_w.l(__2sprintf.o)
    0x0002691c   0x00000050   Code   RO         2041    .text               c_w.l(_printf_pad.o)
    0x0002696c   0x00000024   Code   RO         2043    .text               c_w.l(_printf_truncate.o)
    0x00026990   0x00000052   Code   RO         2045    .text               c_w.l(_printf_str.o)
    0x000269e2   0x00000002   PAD
    0x000269e4   0x00000078   Code   RO         2047    .text               c_w.l(_printf_dec.o)
    0x00026a5c   0x0000002a   Code   RO         2049    .text               c_w.l(_printf_charcount.o)
    0x00026a86   0x00000002   PAD
    0x00026a88   0x000000bc   Code   RO         2051    .text               c_w.l(_printf_wctomb.o)
    0x00026b44   0x00000058   Code   RO         2056    .text               c_w.l(_printf_oct_int.o)
    0x00026b9c   0x00000080   Code   RO         2072    .text               c_w.l(_printf_hex_int_ptr.o)
    0x00026c1c   0x0000019c   Code   RO         2096    .text               c_w.l(__printf_flags_ss_wp.o)
    0x00026db8   0x0000003c   Code   RO         2110    .text               c_w.l(__0sscanf.o)
    0x00026df4   0x0000014e   Code   RO         2112    .text               c_w.l(_scanf_int.o)
    0x00026f42   0x000000d8   Code   RO         2114    .text               c_w.l(_scanf_str.o)
    0x0002701a   0x0000001a   Code   RO         2116    .text               c_w.l(atoi.o)
    0x00027034   0x0000004a   Code   RO         2122    .text               c_w.l(fgets.o)
    0x0002707e   0x00000002   PAD
    0x00027080   0x000000ec   Code   RO         2132    .text               c_w.l(fopen.o)
    0x0002716c   0x0000004c   Code   RO         2134    .text               c_w.l(fclose.o)
    0x000271b8   0x0000003e   Code   RO         2144    .text               c_w.l(strlen.o)
    0x000271f6   0x0000008a   Code   RO         2146    .text               c_w.l(rt_memcpy_v6.o)
    0x00027280   0x00000064   Code   RO         2148    .text               c_w.l(rt_memcpy_w.o)
    0x000272e4   0x00000010   Code   RO         2150    .text               c_w.l(aeabi_memset.o)
    0x000272f4   0x00000044   Code   RO         2152    .text               c_w.l(rt_memclr.o)
    0x00027338   0x0000004e   Code   RO         2154    .text               c_w.l(rt_memclr_w.o)
    0x00027386   0x00000002   PAD
    0x00027388   0x00000080   Code   RO         2156    .text               c_w.l(strcmpv7m.o)
    0x00027408   0x00000006   Code   RO         2158    .text               c_w.l(heapauxi.o)
    0x0002740e   0x00000002   PAD
    0x00027410   0x00000008   Code   RO         2189    .text               c_w.l(rt_errno_addr_intlibspace.o)
    0x00027418   0x0000005e   Code   RO         2195    .text               c_w.l(h1_alloc.o)
    0x00027476   0x0000004e   Code   RO         2197    .text               c_w.l(h1_free.o)
    0x000274c4   0x000000b4   Code   RO         2253    .text               c_w.l(_printf_intcommon.o)
    0x00027578   0x00000030   Code   RO         2255    .text               c_w.l(_printf_char_common.o)
    0x000275a8   0x0000000a   Code   RO         2257    .text               c_w.l(_sputc.o)
    0x000275b2   0x0000002c   Code   RO         2259    .text               c_w.l(_printf_char.o)
    0x000275de   0x0000002c   Code   RO         2261    .text               c_w.l(_printf_wchar.o)
    0x0002760a   0x00000020   Code   RO         2265    .text               c_w.l(_chval.o)
    0x0002762a   0x00000002   PAD
    0x0002762c   0x00000030   Code   RO         2267    .text               c_w.l(scanf_char.o)
    0x0002765c   0x00000040   Code   RO         2269    .text               c_w.l(_sgetc.o)
    0x0002769c   0x00000070   Code   RO         2271    .text               c_w.l(strtol.o)
    0x0002770c   0x00000008   Code   RO         2273    .text               c_w.l(ferror.o)
    0x00027714   0x00000242   Code   RO         2275    .text               c_w.l(filbuf.o)
    0x00027956   0x000001d8   Code   RO         2277    .text               c_w.l(flsbuf.o)
    0x00027b2e   0x00000002   PAD
    0x00027b30   0x000000f8   Code   RO         2279    .text               c_w.l(fseek.o)
    0x00027c28   0x000000f0   Code   RO         2281    .text               c_w.l(stdio.o)
    0x00027d18   0x00000040   Code   RO         2292    .text               c_w.l(_wcrtomb.o)
    0x00027d58   0x00000008   Code   RO         2303    .text               c_w.l(libspace.o)
    0x00027d60   0x00000010   Code   RO         2324    .text               c_w.l(rt_ctype_table.o)
    0x00027d70   0x00000008   Code   RO         2331    .text               c_w.l(rt_heap_descriptor_intlibspace.o)
    0x00027d78   0x00000004   Code   RO         2333    .text               c_w.l(hguard.o)
    0x00027d7c   0x0000008a   Code   RO         2335    .text               c_w.l(init_alloc.o)
    0x00027e06   0x0000000e   Code   RO         2339    .text               c_w.l(h1_init.o)
    0x00027e14   0x00000012   Code   RO         2353    .text               c_w.l(isspace.o)
    0x00027e26   0x00000002   PAD
    0x00027e28   0x00000388   Code   RO         2357    .text               c_w.l(_scanf.o)
    0x000281b0   0x0000009c   Code   RO         2359    .text               c_w.l(_strtoul.o)
    0x0002824c   0x00000046   Code   RO         2361    .text               c_w.l(ftell.o)
    0x00028292   0x0000011c   Code   RO         2363    .text               c_w.l(freadfast.o)
    0x000283ae   0x000000c0   Code   RO         2367    .text               c_w.l(fwritefast.o)
    0x0002846e   0x00000002   PAD
    0x00028470   0x00000138   Code   RO         2369    .text               c_w.l(initio.o)
    0x000285a8   0x00000034   Code   RO         2371    .text               c_w.l(flushlinebuffered.o)
    0x000285dc   0x0000004a   Code   RO         2430    .text               c_w.l(sys_stackheap_outer.o)
    0x00028626   0x00000002   PAD
    0x00028628   0x00000008   Code   RO         2435    .text               c_w.l(rt_locale_intlibspace.o)
    0x00028630   0x00000032   Code   RO         2443    .text               c_w.l(h1_extend.o)
    0x00028662   0x00000002   PAD
    0x00028664   0x00000064   Code   RO         2447    .text               c_w.l(fflush.o)
    0x000286c8   0x00000046   Code   RO         2451    .text               c_w.l(setvbuf.o)
    0x0002870e   0x0000000c   Code   RO         2462    .text               c_w.l(exit.o)
    0x0002871a   0x0000000e   Code   RO         2468    .text               c_w.l(defsig_rtred_outer.o)
    0x00028728   0x0000000e   Code   RO         2472    .text               c_w.l(defsig_rtmem_outer.o)
    0x00028736   0x0000000a   Code   RO         2509    .text               c_w.l(defsig_exit.o)
    0x00028740   0x00000034   Code   RO         2513    .text               c_w.l(defsig_rtred_inner.o)
    0x00028774   0x0000004c   Code   RO         2515    .text               c_w.l(defsig_rtmem_inner.o)
    0x000287c0   0x00000008   Code   RO         2534    .text               c_w.l(rt_fp_status_addr_intlibspace.o)
    0x000287c8   0x00000032   Code   RO         2542    .text               c_w.l(defsig_general.o)
    0x000287fa   0x00000016   Code   RO          915    i.CalcChksum        TCP_CM3.lib(at_lib.o)
    0x00028810   0x00000028   Code   RO          916    i.CalcChksumBuf     TCP_CM3.lib(at_lib.o)
    0x00028838   0x0000000a   Code   RO          917    i.CalcChksumVal     TCP_CM3.lib(at_lib.o)
    0x00028842   0x0000000a   Code   RO          918    i.SwapB             TCP_CM3.lib(at_lib.o)
    0x0002884c   0x00000104   Code   RO           89    i.USB_ReqGetDescriptor  usbcore.o
    0x00028950   0x000000c0   Code   RO           77    i.USB_ReqGetStatus  usbcore.o
    0x00028a10   0x000000ec   Code   RO           83    i.USB_ReqSetClrFeature  usbcore.o
    0x00028afc   0x000001b8   Code   RO           95    i.USB_ReqSetConfiguration  usbcore.o
    0x00028cb4   0x00000130   Code   RO          101    i.USB_ReqSetInterface  usbcore.o
    0x00028de4   0x0000007c   Code   RO         1076    i.__fclose          FS_CM3.lib(_fs_fclose.o)
    0x00028e60   0x0000008c   Code   RO         1112    i.__flushbuf        FS_CM3.lib(_fs_flushbuf.o)
    0x00028eec   0x0000017c   Code   RO         1046    i.__fopen           FS_CM3.lib(_fs_fopen.o)
    0x00029068   0x000000ac   Code   RO         1136    i.__getfsize        FS_CM3.lib(_fs_getfsize.o)
    0x00029114   0x000000a8   Code   RO         1088    i.__read            FS_CM3.lib(_fs_read.o)
    0x000291bc   0x000000ec   Code   RO         1124    i.__setfpos         FS_CM3.lib(_fs_setfpos.o)
    0x000292a8   0x000000fc   Code   RO         1100    i.__write           FS_CM3.lib(_fs_write.o)
    0x000293a4   0x00000118   Code   RO         1743    i._fcreate          FS_CM3.lib(_fs_fcreate.o)
    0x000294bc   0x00000082   Code   RO         1755    i._fdelete          FS_CM3.lib(_fs_fdelete.o)
    0x0002953e   0x000000be   Code   RO         1767    i._ffind            FS_CM3.lib(_fs_ffind.o)
    0x000295fc   0x000000a0   Code   RO          963    i.alloc_mem         TCP_CM3.lib(at_mem.o)
    0x0002969c   0x00000100   Code   RO         1368    i.alloc_name        FS_CM3.lib(fs_fat.o)
    0x0002979c   0x0000003a   Code   RO         1369    i.alloc_new_clus    FS_CM3.lib(fs_fat.o)
    0x000297d6   0x00000002   PAD
    0x000297d8   0x000000c4   Code   RO         1331    i.arp_cache_add     TCP_CM3.lib(at_arp.o)
    0x0002989c   0x00000068   Code   RO         1332    i.arp_cache_alloc   TCP_CM3.lib(at_arp.o)
    0x00029904   0x00000114   Code   RO         1333    i.arp_cache_find    TCP_CM3.lib(at_arp.o)
    0x00029a18   0x000000f8   Code   RO         1335    i.arp_cache_update  TCP_CM3.lib(at_arp.o)
    0x00029b10   0x00000068   Code   RO         1337    i.arp_get_response  TCP_CM3.lib(at_arp.o)
    0x00029b78   0x0000009c   Code   RO         1338    i.arp_send_reply    TCP_CM3.lib(at_arp.o)
    0x00029c14   0x000000ac   Code   RO         1339    i.arp_send_req      TCP_CM3.lib(at_arp.o)
    0x00029cc0   0x00000074   Code   RO          920    i.b64_to_asc        TCP_CM3.lib(at_lib.o)
    0x00029d34   0x00000064   Code   RO         1370    i.cache_fat         FS_CM3.lib(fs_fat.o)
    0x00029d98   0x00000004   Code   RO          811    i.cgx_content_type  TCP_CM3.lib(at_http.o)
    0x00029d9c   0x00000078   Code   RO         1371    i.check_lfn         FS_CM3.lib(fs_fat.o)
    0x00029e14   0x00000006   Code   RO         1372    i.check_name        FS_CM3.lib(fs_fat.o)
    0x00029e1a   0x00000002   PAD
    0x00029e1c   0x000000a4   Code   RO         1373    i.chk_dir_empty     FS_CM3.lib(fs_fat.o)
    0x00029ec0   0x00000022   Code   RO         1374    i.chk_param         FS_CM3.lib(fs_fat.o)
    0x00029ee2   0x00000002   PAD
    0x00029ee4   0x000001c0   Code   RO          812    i.chk_post_rq       TCP_CM3.lib(at_http.o)
    0x0002a0a4   0x00000040   Code   RO         1375    i.clear_clus        FS_CM3.lib(fs_fat.o)
    0x0002a0e4   0x00000024   Code   RO         1376    i.clus_to_sect      FS_CM3.lib(fs_fat.o)
    0x0002a108   0x00000028   Code   RO          813    i.cmp_header        TCP_CM3.lib(at_http.o)
    0x0002a130   0x0000010c   Code   RO         1377    i.count_free_clus   FS_CM3.lib(fs_fat.o)
    0x0002a23c   0x000000a4   Code   RO         1378    i.cvt_fatname       FS_CM3.lib(fs_fat.o)
    0x0002a2e0   0x000000ac   Code   RO         1379    i.delete_entries    FS_CM3.lib(fs_fat.o)
    0x0002a38c   0x00000030   Code   RO          879    i.dhcp_disable      TCP_CM3.lib(at_dhcp.o)
    0x0002a3bc   0x000001fc   Code   RO          880    i.dhcp_listener     TCP_CM3.lib(at_dhcp.o)
    0x0002a5b8   0x000001f0   Code   RO          881    i.dhcp_send_message  TCP_CM3.lib(at_dhcp.o)
    0x0002a7a8   0x00000010   Code   RO          896    i.eth_chk_adr       TCP_CM3.lib(at_ethernet.o)
    0x0002a7b8   0x00000094   Code   RO          898    i.eth_send_frame    TCP_CM3.lib(at_ethernet.o)
    0x0002a84c   0x000000a0   Code   RO         1380    i.fat_close_write   FS_CM3.lib(fs_fat.o)
    0x0002a8ec   0x0000004c   Code   RO         1381    i.fat_create        FS_CM3.lib(fs_fat.o)
    0x0002a938   0x00000058   Code   RO         1382    i.fat_delete        FS_CM3.lib(fs_fat.o)
    0x0002a990   0x0000003c   Code   RO         1383    i.fat_ffind         FS_CM3.lib(fs_fat.o)
    0x0002a9cc   0x00000080   Code   RO         1384    i.fat_find_dir      FS_CM3.lib(fs_fat.o)
    0x0002aa4c   0x00000048   Code   RO         1385    i.fat_find_file     FS_CM3.lib(fs_fat.o)
    0x0002aa94   0x00000374   Code   RO         1386    i.fat_format        FS_CM3.lib(fs_fat.o)
    0x0002ae08   0x00000034   Code   RO         1387    i.fat_free          FS_CM3.lib(fs_fat.o)
    0x0002ae3c   0x00000014   Code   RO         1388    i.fat_init          FS_CM3.lib(fs_fat.o)
    0x0002ae50   0x000000b4   Code   RO         1389    i.fat_read          FS_CM3.lib(fs_fat.o)
    0x0002af04   0x0000004c   Code   RO         1391    i.fat_set_fpos      FS_CM3.lib(fs_fat.o)
    0x0002af50   0x000000d0   Code   RO         1392    i.fat_write         FS_CM3.lib(fs_fat.o)
    0x0002b020   0x000001dc   Code   RO         1019    i.ffind             FS_CM3.lib(fs_ffind.o)
    0x0002b1fc   0x000000b0   Code   RO         1007    i.fformat           FS_CM3.lib(fs_fformat.o)
    0x0002b2ac   0x00000098   Code   RO         1034    i.ffree             FS_CM3.lib(fs_ffree.o)
    0x0002b344   0x00000018   Code   RO         2119    i.fgetc             c_w.l(fgetc.o)
    0x0002b35c   0x00000006   Code   RO         1393    i.find_name         FS_CM3.lib(fs_fat.o)
    0x0002b362   0x00000002   PAD
    0x0002b364   0x0000003c   Code   RO          983    i.finit             FS_CM3.lib(fs_finit.o)
    0x0002b3a0   0x0000001e   Code   RO         1695    i.fn_cmp            FS_CM3.lib(fs_lib.o)
    0x0002b3be   0x0000001a   Code   RO         2125    i.fputc             c_w.l(fputc.o)
    0x0002b3d8   0x00000068   Code   RO          964    i.free_mem          TCP_CM3.lib(at_mem.o)
    0x0002b440   0x000000a2   Code   RO         1779    i.fs_AllocBlock     FS_CM3.lib(_fs_flashio.o)
    0x0002b4e2   0x0000005c   Code   RO         1780    i.fs_BlockFull      FS_CM3.lib(_fs_flashio.o)
    0x0002b53e   0x00000030   Code   RO         1781    i.fs_BlockInvalid   FS_CM3.lib(_fs_flashio.o)
    0x0002b56e   0x00000004   Code   RO         1873    i.fs_EraseSector    FS_CM3.lib(fs_flashprg.o)
    0x0002b572   0x000000ac   Code   RO         1782    i.fs_Find_File      FS_CM3.lib(_fs_flashio.o)
    0x0002b61e   0x00000004   Code   RO         1874    i.fs_Init           FS_CM3.lib(fs_flashprg.o)
    0x0002b622   0x00000002   PAD
    0x0002b624   0x00000050   Code   RO         1783    i.fs_InitBlock      FS_CM3.lib(_fs_flashio.o)
    0x0002b674   0x00000004   Code   RO         1875    i.fs_ProgramPage    FS_CM3.lib(fs_flashprg.o)
    0x0002b678   0x0000001c   Code   RO         1784    i.fs_ReadBlock      FS_CM3.lib(_fs_flashio.o)
    0x0002b694   0x00000012   Code   RO         1696    i.fs_ReadData       FS_CM3.lib(fs_lib.o)
    0x0002b6a6   0x00000038   Code   RO         1785    i.fs_WriteBlock     FS_CM3.lib(_fs_flashio.o)
    0x0002b6de   0x00000010   Code   RO         1697    i.fs_WriteData      FS_CM3.lib(fs_lib.o)
    0x0002b6ee   0x00000016   Code   RO         1786    i.fs_adr_sig        FS_CM3.lib(_fs_flashio.o)
    0x0002b704   0x00000040   Code   RO         1787    i.fs_check_fwopen   FS_CM3.lib(_fs_flashio.o)
    0x0002b744   0x00000034   Code   RO         1698    i.fs_find_iob       FS_CM3.lib(fs_lib.o)
    0x0002b778   0x00000040   Code   RO         1699    i.fs_get_drive      FS_CM3.lib(fs_lib.o)
    0x0002b7b8   0x00000052   Code   RO         1788    i.fs_get_freeID     FS_CM3.lib(_fs_flashio.o)
    0x0002b80a   0x00000038   Code   RO         1789    i.fs_get_freeMem    FS_CM3.lib(_fs_flashio.o)
    0x0002b842   0x0000007a   Code   RO         1790    i.fs_mark_fileMem   FS_CM3.lib(_fs_flashio.o)
    0x0002b8bc   0x0000003e   Code   RO         1791    i.fs_mark_freeMem   FS_CM3.lib(_fs_flashio.o)
    0x0002b8fa   0x00000024   Code   RO         1792    i.fs_rd_alloc       FS_CM3.lib(_fs_flashio.o)
    0x0002b91e   0x00000020   Code   RO         1793    i.fs_rd_sig         FS_CM3.lib(_fs_flashio.o)
    0x0002b93e   0x00000002   PAD
    0x0002b940   0x00000064   Code   RO         1700    i.fs_set_params     FS_CM3.lib(fs_lib.o)
    0x0002b9a4   0x0000001a   Code   RO         1701    i.fs_strpos         FS_CM3.lib(fs_lib.o)
    0x0002b9be   0x00000002   PAD
    0x0002b9c0   0x0000002c   Code   RO         1394    i.get_EOC           FS_CM3.lib(fs_fat.o)
    0x0002b9ec   0x00000084   Code   RO         1395    i.get_bootrec       FS_CM3.lib(fs_fat.o)
    0x0002ba70   0x00000028   Code   RO          923    i.get_crc           TCP_CM3.lib(at_lib.o)
    0x0002ba98   0x0000002c   Code   RO         1396    i.get_date          FS_CM3.lib(fs_fat.o)
    0x0002bac4   0x0000002c   Code   RO         1397    i.get_dir_sect      FS_CM3.lib(fs_fat.o)
    0x0002baf0   0x00000038   Code   RO         1398    i.get_fat_sect      FS_CM3.lib(fs_fat.o)
    0x0002bb28   0x000000dc   Code   RO         1399    i.get_free_clus     FS_CM3.lib(fs_fat.o)
    0x0002bc04   0x00000088   Code   RO         1400    i.get_fsinfo        FS_CM3.lib(fs_fat.o)
    0x0002bc8c   0x00000048   Code   RO         1401    i.get_mbrec         FS_CM3.lib(fs_fat.o)
    0x0002bcd4   0x00000028   Code   RO          814    i.get_next_field    TCP_CM3.lib(at_http.o)
    0x0002bcfc   0x000001b0   Code   RO         1402    i.get_next_info     FS_CM3.lib(fs_fat.o)
    0x0002beac   0x00000032   Code   RO          815    i.get_next_par      TCP_CM3.lib(at_http.o)
    0x0002bede   0x00000002   PAD
    0x0002bee0   0x00000188   Code   RO         1403    i.get_nt_name       FS_CM3.lib(fs_fat.o)
    0x0002c068   0x00000030   Code   RO         1404    i.get_time          FS_CM3.lib(fs_fat.o)
    0x0002c098   0x00000016   Code   RO          925    i.get_u32           TCP_CM3.lib(at_lib.o)
    0x0002c0ae   0x0000000c   Code   RO         1405    i.get_u32           FS_CM3.lib(fs_fat.o)
    0x0002c0ba   0x00000012   Code   RO          816    i.hex2byte          TCP_CM3.lib(at_http.o)
    0x0002c0cc   0x00000004   Code   RO          817    i.http_accept_host  TCP_CM3.lib(at_http.o)
    0x0002c0d0   0x0000020c   Code   RO          818    i.http_add_header   TCP_CM3.lib(at_http.o)
    0x0002c2dc   0x00000074   Code   RO          819    i.http_date         TCP_CM3.lib(at_http.o)
    0x0002c350   0x000001bc   Code   RO          820    i.http_error_msg    TCP_CM3.lib(at_http.o)
    0x0002c50c   0x00000050   Code   RO          821    i.http_file_type    TCP_CM3.lib(at_http.o)
    0x0002c55c   0x00000070   Code   RO          826    i.http_get_var      TCP_CM3.lib(at_http.o)
    0x0002c5cc   0x0000005e   Code   RO          827    i.http_kill_session  TCP_CM3.lib(at_http.o)
    0x0002c62a   0x00000002   PAD
    0x0002c62c   0x00000250   Code   RO          828    i.http_listener     TCP_CM3.lib(at_http.o)
    0x0002c87c   0x00000134   Code   RO          829    i.http_open_file    TCP_CM3.lib(at_http.o)
    0x0002c9b0   0x00000138   Code   RO          830    i.http_proc_header  TCP_CM3.lib(at_http.o)
    0x0002cae8   0x00000158   Code   RO          831    i.http_proc_multipart  TCP_CM3.lib(at_http.o)
    0x0002cc40   0x000000f0   Code   RO          832    i.http_proc_post    TCP_CM3.lib(at_http.o)
    0x0002cd30   0x0000001a   Code   RO          833    i.http_strchr       TCP_CM3.lib(at_http.o)
    0x0002cd4a   0x0000001e   Code   RO          834    i.http_strcpy       TCP_CM3.lib(at_http.o)
    0x0002cd68   0x000000a8   Code   RO          835    i.http_to_utc       TCP_CM3.lib(at_http.o)
    0x0002ce10   0x00000038   Code   RO          973    i.init_TcpNet       TCP_CM3.lib(at_system.o)
    0x0002ce48   0x00000028   Code   RO         1340    i.init_arp          TCP_CM3.lib(at_arp.o)
    0x0002ce70   0x00000110   Code   RO         1406    i.init_dev          FS_CM3.lib(fs_fat.o)
    0x0002cf80   0x00000068   Code   RO          882    i.init_dhcp         TCP_CM3.lib(at_dhcp.o)
    0x0002cfe8   0x00000024   Code   RO          899    i.init_eth_link     TCP_CM3.lib(at_ethernet.o)
    0x0002d00c   0x00000064   Code   RO          836    i.init_http         TCP_CM3.lib(at_http.o)
    0x0002d070   0x00000024   Code   RO          965    i.init_mem          TCP_CM3.lib(at_mem.o)
    0x0002d094   0x0000002c   Code   RO          873    i.init_nbns         TCP_CM3.lib(at_nbns.o)
    0x0002d0c0   0x00000018   Code   RO          737    i.init_tcp          TCP_CM3.lib(at_tcp.o)
    0x0002d0d8   0x0000001c   Code   RO          792    i.init_udp          TCP_CM3.lib(at_udp.o)
    0x0002d0f4   0x000000c0   Code   RO         1356    i.ip_chk_frame      TCP_CM3.lib(at_ip.o)
    0x0002d1b4   0x0000000a   Code   RO         1357    i.ip_get_chksum     TCP_CM3.lib(at_ip.o)
    0x0002d1be   0x00000002   PAD
    0x0002d1c0   0x00000098   Code   RO         1358    i.ip_get_locadr     TCP_CM3.lib(at_ip.o)
    0x0002d258   0x0000008c   Code   RO         1359    i.ip_send_frame     TCP_CM3.lib(at_ip.o)
    0x0002d2e4   0x00000038   Code   RO         1407    i.is_EOC            FS_CM3.lib(fs_fat.o)
    0x0002d31c   0x00000022   Code   RO          926    i.is_subnet         TCP_CM3.lib(at_lib.o)
    0x0002d33e   0x00000002   PAD
    0x0002d340   0x0000002c   Code   RO         1341    i.is_subnet_bcast   TCP_CM3.lib(at_arp.o)
    0x0002d36c   0x0000001e   Code   RO         1408    i.lfn_calc_chksum   FS_CM3.lib(fs_fat.o)
    0x0002d38a   0x00000002   PAD
    0x0002d38c   0x0000003c   Code   RO          974    i.main_TcpNet       TCP_CM3.lib(at_system.o)
    0x0002d3c8   0x0000001e   Code   RO          927    i.mem_comp          TCP_CM3.lib(at_lib.o)
    0x0002d3e6   0x00000002   PAD
    0x0002d3e8   0x0000001e   Code   RO          928    i.mem_copy          TCP_CM3.lib(at_lib.o)
    0x0002d406   0x00000002   PAD
    0x0002d408   0x00000010   Code   RO          930    i.mem_set           TCP_CM3.lib(at_lib.o)
    0x0002d418   0x00000016   Code   RO          931    i.mem_test          TCP_CM3.lib(at_lib.o)
    0x0002d42e   0x000000bc   Code   RO         1977    i.mmc_command       FS_CM3.lib(fs_mmc.o)
    0x0002d4ea   0x00000002   PAD
    0x0002d4ec   0x000001a8   Code   RO         1978    i.mmc_init          FS_CM3.lib(fs_mmc.o)
    0x0002d694   0x00000070   Code   RO         1979    i.mmc_read_block    FS_CM3.lib(fs_mmc.o)
    0x0002d704   0x0000004c   Code   RO         1980    i.mmc_read_bytes    FS_CM3.lib(fs_mmc.o)
    0x0002d750   0x000000e4   Code   RO         1981    i.mmc_read_config   FS_CM3.lib(fs_mmc.o)
    0x0002d834   0x0000005c   Code   RO         1982    i.mmc_read_sect     FS_CM3.lib(fs_mmc.o)
    0x0002d890   0x00000090   Code   RO         1983    i.mmc_write_block   FS_CM3.lib(fs_mmc.o)
    0x0002d920   0x0000005c   Code   RO         1984    i.mmc_write_sect    FS_CM3.lib(fs_mmc.o)
    0x0002d97c   0x00000130   Code   RO          874    i.nbns_listener     TCP_CM3.lib(at_nbns.o)
    0x0002daac   0x00000002   Code   RO          900    i.poll_ethernet     TCP_CM3.lib(at_ethernet.o)
    0x0002daae   0x00000002   PAD
    0x0002dab0   0x00000060   Code   RO          883    i.proc_opt_renew    TCP_CM3.lib(at_dhcp.o)
    0x0002db10   0x000000a4   Code   RO          884    i.proc_opt_req      TCP_CM3.lib(at_dhcp.o)
    0x0002dbb4   0x00000034   Code   RO          885    i.proc_opt_sel      TCP_CM3.lib(at_dhcp.o)
    0x0002dbe8   0x00000098   Code   RO         1342    i.process_arp       TCP_CM3.lib(at_arp.o)
    0x0002dc80   0x00000002   Code   RO          901    i.process_hl_igmp   TCP_CM3.lib(at_ethernet.o)
    0x0002dc82   0x00000074   Code   RO         1366    i.process_icmp      TCP_CM3.lib(at_icmp.o)
    0x0002dcf6   0x00000002   PAD
    0x0002dcf8   0x0000044c   Code   RO          738    i.process_tcp       TCP_CM3.lib(at_tcp.o)
    0x0002e144   0x000000cc   Code   RO          793    i.process_udp       TCP_CM3.lib(at_udp.o)
    0x0002e210   0x0000002c   Code   RO          902    i.put_in_queue      TCP_CM3.lib(at_ethernet.o)
    0x0002e23c   0x0000007c   Code   RO         1409    i.read_cache        FS_CM3.lib(fs_fat.o)
    0x0002e2b8   0x00000038   Code   RO         1410    i.read_last_entry   FS_CM3.lib(fs_fat.o)
    0x0002e2f0   0x000000a6   Code   RO          837    i.read_script_line  TCP_CM3.lib(at_http.o)
    0x0002e396   0x00000002   PAD
    0x0002e398   0x00000054   Code   RO         1411    i.read_sector       FS_CM3.lib(fs_fat.o)
    0x0002e3ec   0x00000034   Code   RO          966    i.resize_mem        TCP_CM3.lib(at_mem.o)
    0x0002e420   0x0000011c   Code   RO          886    i.run_dhcp_client   TCP_CM3.lib(at_dhcp.o)
    0x0002e53c   0x000000ac   Code   RO          903    i.run_eth_link      TCP_CM3.lib(at_ethernet.o)
    0x0002e5e8   0x000002e8   Code   RO          838    i.run_http_server   TCP_CM3.lib(at_http.o)
    0x0002e8d0   0x0000004a   Code   RO          839    i.search_delim      TCP_CM3.lib(at_http.o)
    0x0002e91a   0x00000002   PAD
    0x0002e91c   0x00000214   Code   RO         1413    i.search_for_name   FS_CM3.lib(fs_fat.o)
    0x0002eb30   0x0000008c   Code   RO         1414    i.set_next_clus     FS_CM3.lib(fs_fat.o)
    0x0002ebbc   0x00000008   Code   RO         1415    i.set_u16           FS_CM3.lib(fs_fat.o)
    0x0002ebc4   0x00000010   Code   RO          932    i.set_u32           TCP_CM3.lib(at_lib.o)
    0x0002ebd4   0x00000010   Code   RO         1416    i.set_u32           FS_CM3.lib(fs_fat.o)
    0x0002ebe4   0x00000016   Code   RO          933    i.str_copy          TCP_CM3.lib(at_lib.o)
    0x0002ebfa   0x0000001a   Code   RO          934    i.str_crc           TCP_CM3.lib(at_lib.o)
    0x0002ec14   0x0000001a   Code   RO          936    i.str_scomp         TCP_CM3.lib(at_lib.o)
    0x0002ec2e   0x0000001a   Code   RO          938    i.str_up_case       TCP_CM3.lib(at_lib.o)
    0x0002ec48   0x00000058   Code   RO          739    i.tcp_abort         TCP_CM3.lib(at_tcp.o)
    0x0002eca0   0x00000080   Code   RO          741    i.tcp_close         TCP_CM3.lib(at_tcp.o)
    0x0002ed20   0x00000010   Code   RO          744    i.tcp_get_buf       TCP_CM3.lib(at_tcp.o)
    0x0002ed30   0x00000048   Code   RO          746    i.tcp_get_socket    TCP_CM3.lib(at_tcp.o)
    0x0002ed78   0x0000002c   Code   RO          747    i.tcp_get_state     TCP_CM3.lib(at_tcp.o)
    0x0002eda4   0x00000014   Code   RO          748    i.tcp_init_seq      TCP_CM3.lib(at_tcp.o)
    0x0002edb8   0x0000007c   Code   RO          749    i.tcp_listen        TCP_CM3.lib(at_tcp.o)
    0x0002ee34   0x0000009c   Code   RO          750    i.tcp_map_socket    TCP_CM3.lib(at_tcp.o)
    0x0002eed0   0x00000024   Code   RO          751    i.tcp_max_dsize     TCP_CM3.lib(at_tcp.o)
    0x0002eef4   0x000001f8   Code   RO          752    i.tcp_poll_sockets  TCP_CM3.lib(at_tcp.o)
    0x0002f0ec   0x0000006c   Code   RO          753    i.tcp_process_opt   TCP_CM3.lib(at_tcp.o)
    0x0002f158   0x00000100   Code   RO          757    i.tcp_send          TCP_CM3.lib(at_tcp.o)
    0x0002f258   0x00000022   Code   RO          758    i.tcp_send_ctrl     TCP_CM3.lib(at_tcp.o)
    0x0002f27a   0x00000002   PAD
    0x0002f27c   0x000000f4   Code   RO          759    i.tcp_send_frame    TCP_CM3.lib(at_tcp.o)
    0x0002f370   0x00000080   Code   RO          760    i.tcp_send_reset    TCP_CM3.lib(at_tcp.o)
    0x0002f3f0   0x00000012   Code   RO          762    i.tcp_set_retransmit  TCP_CM3.lib(at_tcp.o)
    0x0002f402   0x00000002   PAD
    0x0002f404   0x00000078   Code   RO          763    i.tcp_transit       TCP_CM3.lib(at_tcp.o)
    0x0002f47c   0x0000000c   Code   RO          975    i.timer_tick        TCP_CM3.lib(at_system.o)
    0x0002f488   0x0000002c   Code   RO          794    i.udp_close         TCP_CM3.lib(at_udp.o)
    0x0002f4b4   0x00000010   Code   RO          795    i.udp_get_buf       TCP_CM3.lib(at_udp.o)
    0x0002f4c4   0x00000048   Code   RO          796    i.udp_get_socket    TCP_CM3.lib(at_udp.o)
    0x0002f50c   0x0000007c   Code   RO          798    i.udp_open          TCP_CM3.lib(at_udp.o)
    0x0002f588   0x00000030   Code   RO          799    i.udp_release_socket  TCP_CM3.lib(at_udp.o)
    0x0002f5b8   0x00000104   Code   RO          800    i.udp_send          TCP_CM3.lib(at_udp.o)
    0x0002f6bc   0x00000128   Code   RO         1417    i.unlink_clus_chain  FS_CM3.lib(fs_fat.o)
    0x0002f7e4   0x000000e4   Code   RO          840    i.utc_to_http       TCP_CM3.lib(at_http.o)
    0x0002f8c8   0x00000012   Code   RO         1418    i.val_char          FS_CM3.lib(fs_fat.o)
    0x0002f8da   0x0000003c   Code   RO         1419    i.val_char_sn       FS_CM3.lib(fs_fat.o)
    0x0002f916   0x00000002   PAD
    0x0002f918   0x00000180   Code   RO         1420    i.write_br          FS_CM3.lib(fs_fat.o)
    0x0002fa98   0x00000084   Code   RO         1421    i.write_cache       FS_CM3.lib(fs_fat.o)
    0x0002fb1c   0x000000e8   Code   RO         1422    i.write_dot_entries  FS_CM3.lib(fs_fat.o)
    0x0002fc04   0x000002c8   Code   RO         1423    i.write_entries     FS_CM3.lib(fs_fat.o)
    0x0002fecc   0x000000e0   Code   RO         1424    i.write_fat_link    FS_CM3.lib(fs_fat.o)
    0x0002ffac   0x00000070   Code   RO         1425    i.write_fsinfo      FS_CM3.lib(fs_fat.o)
    0x0003001c   0x00000084   Code   RO         1426    i.write_label       FS_CM3.lib(fs_fat.o)
    0x000300a0   0x000000b4   Code   RO         1427    i.write_mbr         FS_CM3.lib(fs_fat.o)
    0x00030154   0x00000020   Code   RO         1428    i.write_sector      FS_CM3.lib(fs_fat.o)
    0x00030174   0x0000002c   Code   RO         2460    locale$$code        c_w.l(lc_ctype_c.o)
    0x000301a0   0x000002b0   Code   RO         2163    x$fpl$ddiv          fz_ws.l(ddiv.o)
    0x00030450   0x0000005a   Code   RO         2166    x$fpl$dfixu         fz_ws.l(dfixu.o)
    0x000304aa   0x00000026   Code   RO         2170    x$fpl$dfltu         fz_ws.l(dflt_clz.o)
    0x000304d0   0x00000154   Code   RO         2176    x$fpl$dmul          fz_ws.l(dmul.o)
    0x00030624   0x0000009c   Code   RO         2298    x$fpl$dnaninf       fz_ws.l(dnaninf.o)
    0x000306c0   0x0000000c   Code   RO         2300    x$fpl$dretinf       fz_ws.l(dretinf.o)
    0x000306cc   0x0000000e   Code   RO         2521    x$fpl$fpinit        fz_ws.l(fpinit.o)
    0x000306da   0x00000000   Code   RO         2302    x$fpl$usenofp       fz_ws.l(usenofp.o)
    0x000306da   0x00000002   PAD
    0x000306dc   0x0001d10c   Data   RO           49    .constdata          web.o
    0x0004d7e8   0x000000b1   Data   RO          150    .constdata          usbdesc.o
    0x0004d899   0x00000003   PAD
    0x0004d89c   0x00000040   Data   RO          201    .constdata          usbuser.o
    0x0004d8dc   0x00012974   Data   RO          243    .constdata          app.o
    0x00060250   0x00000aa1   Data   RO          346    .constdata          report.o
    0x00060cf1   0x00000003   PAD
    0x00060cf4   0x00000074   Data   RO          392    .constdata          net_config.o
    0x00060d68   0x00000070   Data   RO          411    .constdata          file_config.o
    0x00060dd8   0x00000567   Data   RO          461    .constdata          http_cgi.o
    0x0006133f   0x000001ef   Data   RO          523    .constdata          http_err.o
    0x0006152e   0x00000014   Data   RO          549    .constdata          retarget.o
    0x00061542   0x00000200   Data   RO          705    .constdata          crc16.o
    0x00061742   0x000000ca   Data   RO          841    .constdata          TCP_CM3.lib(at_http.o)
    0x0006180c   0x00000008   Data   RO          875    .constdata          TCP_CM3.lib(at_nbns.o)
    0x00061814   0x00000006   Data   RO          905    .constdata          TCP_CM3.lib(at_ethernet.o)
    0x0006181a   0x00000002   PAD
    0x0006181c   0x000000f0   Data   RO         1150    .constdata          LPC176xIAP.lib(iap_user.o)
    0x0006190c   0x000002fa   Data   RO         1278    .constdata          LPC176xIMP.lib(imp_engworks.o)
    0x00061c06   0x00000002   PAD
    0x00061c08   0x0000009c   Data   RO         1306    .constdata          LPC176xRTC.lib(rtc_base.o)
    0x00061ca4   0x00000004   Data   RO         1360    .constdata          TCP_CM3.lib(at_ip.o)
    0x00061ca8   0x000000a9   Data   RO         1430    .constdata          FS_CM3.lib(fs_fat.o)
    0x00061d51   0x00000003   PAD
    0x00061d54   0x000003e4   Data   RO         1937    .constdata          LPC176xCOMM.lib(comm_def.o)
    0x00062138   0x00000a1e   Data   RO         1955    .constdata          LPC176xIMP.lib(imp_base.o)
    0x00062b56   0x00000002   PAD
    0x00062b58   0x00000008   Data   RO         2052    .constdata          c_w.l(_printf_wctomb.o)
    0x00062b60   0x00000028   Data   RO         2073    .constdata          c_w.l(_printf_hex_int_ptr.o)
    0x00062b88   0x00000011   Data   RO         2097    .constdata          c_w.l(__printf_flags_ss_wp.o)
    0x00062b99   0x00000003   PAD
    0x00062b9c   0x00000030   Data   RO         2561    Region$$Table       anon$$obj.o
    0x00062bcc   0x00000110   Data   RO         2459    locale$$data        c_w.l(lc_ctype_c.o)


    Execution Region RW_IRAM1 (Base: 0x10000000, Size: 0x00007070, Max: 0x00008000, ABSOLUTE, COMPRESSED[0x00000048])

    Base Addr    Size         Type   Attr      Idx    E Section Name        Object

    0x10000000   0x00000004   Data   RW           12    .data               system_lpc17xx.o
    0x10000004   0x00000024   Data   RW           66    .data               usbcore.o
    0x10000028   0x00000002   Data   RW          202    .data               usbuser.o
    0x1000002a   0x00000002   Data   RW          223    .data               hiduser.o
    0x1000002c   0x00000038   Data   RW          244    .data               app.o
    0x10000064   0x00000008   Data   RW          347    .data               report.o
    0x1000006c   0x00000014   Data   RW          376    .data               dataflash.o
    0x10000080   0x00000007   Data   RW          393    .data               net_config.o
    0x10000087   0x00000001   PAD
    0x10000088   0x00000002   Data   RW          412    .data               file_config.o
    0x1000008a   0x00000006   PAD
    0x10000090   0x00000020   Data   RW          462    .data               http_cgi.o
    0x100000b0   0x00000004   Data   RW          589    .data               spi_config.o
    0x100000b4   0x00000008   Data   RW          602    .data               uart_config.o
    0x100000bc   0x00000004   Data   RW          639    .data               comm_config.o
    0x100000c0   0x00000010   Data   RW          674    .data               usercomm.o
    0x100000d0   0x00000002   Data   RW          706    .data               crc16.o
    0x100000d2   0x00000002   Data   RW          720    .data               timer1.o
    0x100000d4   0x00000004   Data   RW          764    .data               TCP_CM3.lib(at_tcp.o)
    0x100000d8   0x00000002   Data   RW          801    .data               TCP_CM3.lib(at_udp.o)
    0x100000da   0x00000002   PAD
    0x100000dc   0x0000000c   Data   RW          842    .data               TCP_CM3.lib(at_http.o)
    0x100000e8   0x00000001   Data   RW          876    .data               TCP_CM3.lib(at_nbns.o)
    0x100000e9   0x00000003   PAD
    0x100000ec   0x00000008   Data   RW          906    .data               TCP_CM3.lib(at_ethernet.o)
    0x100000f4   0x00000004   Data   RW          967    .data               TCP_CM3.lib(at_mem.o)
    0x100000f8   0x00000008   Data   RW          977    .data               TCP_CM3.lib(at_system.o)
    0x10000100   0x00000008   Data   RW         1151    .data               LPC176xIAP.lib(iap_user.o)
    0x10000108   0x00000025   Data   RW         1176    .data               LPC176xUART.lib(uart_base.o)
    0x1000012d   0x00000003   PAD
    0x10000130   0x00000040   Data   RW         1248    .data               LPC176xCOMM.lib(comm_base.o)
    0x10000170   0x00000004   Data   RW         1279    .data               LPC176xIMP.lib(imp_engworks.o)
    0x10000174   0x00000008   Data   RW         1307    .data               LPC176xRTC.lib(rtc_base.o)
    0x1000017c   0x00000002   Data   RW         1343    .data               TCP_CM3.lib(at_arp.o)
    0x1000017e   0x00000004   Data   RW         1361    .data               TCP_CM3.lib(at_ip.o)
    0x10000182   0x00000002   PAD
    0x10000184   0x00000014   Data   RW         1431    .data               FS_CM3.lib(fs_fat.o)
    0x10000198   0x00000001   Data   RW         1985    .data               FS_CM3.lib(fs_mmc.o)
    0x10000199   0x00000003   PAD
    0x1000019c   0x00000004   Data   RW         2287    .data               c_w.l(stdio_streams.o)
    0x100001a0   0x00000004   Data   RW         2288    .data               c_w.l(stdio_streams.o)
    0x100001a4   0x00000004   Data   RW         2289    .data               c_w.l(stdio_streams.o)
    0x100001a8   0x00000040   Zero   RW           65    .bss                usbcore.o
    0x100001e8   0x000006c0   Zero   RW          242    .bss                app.o
    0x100008a8   0x000013b4   Zero   RW          319    .bss                queue.o
    0x10001c5c   0x00000310   Zero   RW          345    .bss                report.o
    0x10001f6c   0x0000233c   Zero   RW          391    .bss                net_config.o
    0x100042a8   0x00000b40   Zero   RW          410    .bss                file_config.o
    0x10004de8   0x00000110   Zero   RW          460    .bss                http_cgi.o
    0x10004ef8   0x00000c8a   Zero   RW          601    .bss                uart_config.o
    0x10005b82   0x00000a58   Zero   RW          638    .bss                comm_config.o
    0x100065da   0x00000054   Zero   RW          673    .bss                usercomm.o
    0x1000662e   0x00000002   PAD
    0x10006630   0x0000001c   Zero   RW          887    .bss                TCP_CM3.lib(at_dhcp.o)
    0x1000664c   0x00000080   Zero   RW          904    .bss                TCP_CM3.lib(at_ethernet.o)
    0x100066cc   0x0000003c   Zero   RW          976    .bss                TCP_CM3.lib(at_system.o)
    0x10006708   0x000000c0   Zero   RW         1247    .bss                LPC176xCOMM.lib(comm_base.o)
    0x100067c8   0x00000154   Zero   RW         1429    .bss                FS_CM3.lib(fs_fat.o)
    0x1000691c   0x00000050   Zero   RW         2284    .bss                c_w.l(stdio_streams.o)
    0x1000696c   0x00000050   Zero   RW         2285    .bss                c_w.l(stdio_streams.o)
    0x100069bc   0x00000050   Zero   RW         2286    .bss                c_w.l(stdio_streams.o)
    0x10006a0c   0x00000060   Zero   RW         2304    .bss                c_w.l(libspace.o)
    0x10006a6c   0x00000004   PAD
    0x10006a70   0x00000200   Zero   RW            2    HEAP                startup_lpc17xx.o
    0x10006c70   0x00000400   Zero   RW            1    STACK               startup_lpc17xx.o


    Execution Region RW_IRAM2 (Base: 0x2007c000, Size: 0x00002a74, Max: 0x00008000, ABSOLUTE, UNINIT)

    Base Addr    Size         Type   Attr      Idx    E Section Name        Object

    0x2007c000   0x00000004   Data   RW          434    .data               emac_lpc17xx.o
    0x2007c004   0x00000004   PAD
    0x2007c008   0x00002a6c   Zero   RW          433    .bss                emac_lpc17xx.o


==============================================================================

Image component sizes


      Code (inc. data)   RO Data    RW Data    ZI Data      Debug   Object Name

     11176       1064      76148         56       1728      30035   app.o
         0          0          0          4       2648        679   comm_config.o
        64          8        512          2          0       1053   crc16.o
       888         20          0         20          0       3543   dataflash.o
      1496        128          0          4      10860      25754   emac_lpc17xx.o
         0          0        112          2       2880       4526   file_config.o
        20          4          0          0          0        502   fs_time.o
      1208         32          0          2          0       2342   hiduser.o
     32556       3688       1383         32        272      24421   http_cgi.o
         0          0        495          0          0        629   http_err.o
       164          6          0          0          0       7710   http_uif.o
       106          6        116          7       9020       3307   net_config.o
       416         30          0          0          0       1184   pwm.o
      5448        166          0          0       5044      20182   queue.o
      4048        170       2721          8        784       6689   report.o
       376         30         20          0          0       4241   retarget.o
         0          0          0          4          0        202   spi_config.o
        56         22        204          0       1536        752   startup_lpc17xx.o
       616         78          0          4          0      21895   system_lpc17xx.o
       268         30          0          2          0       1356   timer1.o
         0          0          0          8       3210        826   uart_config.o
      2356        230          0         36         64      13019   usbcore.o
         0          0        177          0          0        849   usbdesc.o
      1348        138          0          0          0      39069   usbhw.o
       124         18         64          2          0       3418   usbuser.o
     10592        250          0         16         84      41214   usercomm.o
         0          0     119052          0          0       8813   web.o

    ----------------------------------------------------------------------
     73328       6118     201058        216      38136     268210   Object Totals
         0          0         48          0          0          0   (incl. Generated)
         2          0          6          7          6          3   (incl. Padding)

    ----------------------------------------------------------------------

      Code (inc. data)   RO Data    RW Data    ZI Data      Debug   Library Member Name

       124          8          0          0          0        783   _fs_fclose.o
       280          0          0          0          0       1235   _fs_fcreate.o
       130          0          0          0          0        899   _fs_fdelete.o
       190          0          0          0          0       1113   _fs_ffind.o
      1114         22          0          0          0       9552   _fs_flashio.o
       140         10          0          0          0        773   _fs_flushbuf.o
       380         18          0          0          0       9615   _fs_fopen.o
       172          6          0          0          0       1073   _fs_getfsize.o
       168          8          0          0          0       1037   _fs_read.o
       236          8          0          0          0       1224   _fs_setfpos.o
       252          8          0          0          0       1086   _fs_write.o
      8916        498        169         20        340      43089   fs_fat.o
       476         18          0          0          0       1760   fs_ffind.o
       176         18          0          0          0        954   fs_fformat.o
       152         12          0          0          0        912   fs_ffree.o
        60         12          0          0          0       8801   fs_finit.o
        12          0          0          0          0       1500   fs_flashprg.o
       306         42          0          0          0       3807   fs_lib.o
      1356         32          0          1          0       6990   fs_mmc.o
      2804        140          0         64        192      12880   comm_base.o
         0          0        996          0          0       5266   comm_def.o
       276         10          0          0          0       2460   iap_base.o
       456         16        240          8          0       3215   iap_user.o
      4540        490       2590          0          0      13404   imp_base.o
      6678         88        762          4          0      15278   imp_engworks.o
      1540         68        156          8          0       6098   rtc_base.o
      1196         60          0          0          0       1925   spi_base.o
       358          0          0          0          0       1762   spi_flash.o
       336          0          0          0          0       1772   spi_fs_flash.o
      1512        108          0         37          0       5010   uart_base.o
      1492        158          0          2          0        872   at_arp.o
      1752        120          0          0         28        688   at_dhcp.o
       420         44          6          8        128        540   at_ethernet.o
      5306       1044        202         12          0       2084   at_http.o
       116          0          0          0          0         84   at_icmp.o
       494         24          4          4          0        328   at_ip.o
       508          4          0          0          0       1212   at_lib.o
       352         40          0          4          0        344   at_mem.o
       348         28          8          1          0        184   at_nbns.o
       128         30          0          8         60        216   at_system.o
      3220        224          0          4          0       1564   at_tcp.o
       796         68          0          2          0        616   at_udp.o
        60          8          0          0          0         84   __0sscanf.o
        44          6          0          0          0         84   __2sprintf.o
        90          0          0          0          0          0   __dczerorl2.o
         8          0          0          0          0         68   __main.o
       412          4         17          0          0         92   __printf_flags_ss_wp.o
        52          8          0          0          0          0   __scatter.o
        26          0          0          0          0          0   __scatter_copy.o
        28          0          0          0          0          0   __scatter_zi.o
        32          0          0          0          0         68   _chval.o
         6          0          0          0          0          0   _printf_c.o
        44          0          0          0          0        108   _printf_char.o
        48          6          0          0          0         96   _printf_char_common.o
        42          0          0          0          0         68   _printf_charcount.o
         6          0          0          0          0          0   _printf_d.o
       120         18          0          0          0         92   _printf_dec.o
       128          4         40          0          0        144   _printf_hex_int_ptr.o
         6          0          0          0          0          0   _printf_i.o
       180          0          0          0          0         88   _printf_intcommon.o
        10          0          0          0          0          0   _printf_l.o
         6          0          0          0          0          0   _printf_lc.o
         6          0          0          0          0          0   _printf_n.o
         6          0          0          0          0          0   _printf_o.o
        88          8          0          0          0         88   _printf_oct_int.o
         6          0          0          0          0          0   _printf_p.o
        80          0          0          0          0        108   _printf_pad.o
         0          0          0          0          0          0   _printf_percent.o
         4          0          0          0          0          0   _printf_percent_end.o
         6          0          0          0          0          0   _printf_s.o
        82          0          0          0          0         80   _printf_str.o
        36          0          0          0          0         84   _printf_truncate.o
         6          0          0          0          0          0   _printf_u.o
        44          0          0          0          0        108   _printf_wchar.o
       188          6          8          0          0         92   _printf_wctomb.o
         6          0          0          0          0          0   _printf_x.o
       904          4          0          0          0        100   _scanf.o
       334          0          0          0          0         96   _scanf_int.o
       216          0          0          0          0         96   _scanf_str.o
        64          0          0          0          0         84   _sgetc.o
        10          0          0          0          0         68   _sputc.o
       156          0          0          0          0         92   _strtoul.o
        64          0          0          0          0         92   _wcrtomb.o
        16          0          0          0          0         68   aeabi_memset.o
        26          0          0          0          0         80   atoi.o
        10          0          0          0          0         68   defsig_exit.o
        50          0          0          0          0         88   defsig_general.o
        76         56          0          0          0         76   defsig_rtmem_inner.o
        14          0          0          0          0         80   defsig_rtmem_outer.o
        52         38          0          0          0         76   defsig_rtred_inner.o
        14          0          0          0          0         80   defsig_rtred_outer.o
        12          0          0          0          0         68   exit.o
        76          0          0          0          0         88   fclose.o
         8          0          0          0          0         68   ferror.o
       100          4          0          0          0        120   fflush.o
        24          0          0          0          0         68   fgetc.o
        74          0          0          0          0         84   fgets.o
       578          0          0          0          0        132   filbuf.o
       472          0          0          0          0         88   flsbuf.o
        52          4          0          0          0         80   flushlinebuffered.o
       236          4          0          0          0        128   fopen.o
        26          0          0          0          0         68   fputc.o
       284          0          0          0          0         96   freadfast.o
       248          4          0          0          0         84   fseek.o
        70          0          0          0          0         76   ftell.o
       192          0          0          0          0         88   fwritefast.o
        94          0          0          0          0         80   h1_alloc.o
        50          0          0          0          0         68   h1_extend.o
        78          0          0          0          0         80   h1_free.o
        14          0          0          0          0         84   h1_init.o
         6          0          0          0          0        152   heapauxi.o
         4          0          0          0          0        136   hguard.o
       138          0          0          0          0        168   init_alloc.o
       312         46          0          0          0        112   initio.o
        18          0          0          0          0         76   isspace.o
        44         10        272          0          0         76   lc_ctype_c.o
         6          0          0          0          0          0   libinit.o
        32          0          0          0          0          0   libinit2.o
         2          0          0          0          0          0   libshutdown.o
         6          0          0          0          0          0   libshutdown2.o
         8          4          0          0         96         68   libspace.o
       238          0          0          0          0        100   lludivv7m.o
         0          0          0          0          0         68   maybetermalloc1.o
        16          4          0          0          0         76   rt_ctype_table.o
         8          4          0          0          0         68   rt_errno_addr_intlibspace.o
         8          4          0          0          0         68   rt_fp_status_addr_intlibspace.o
         8          4          0          0          0         68   rt_heap_descriptor_intlibspace.o
         8          4          0          0          0         68   rt_locale_intlibspace.o
        68          0          0          0          0         68   rt_memclr.o
        78          0          0          0          0         80   rt_memclr_w.o
       138          0          0          0          0         68   rt_memcpy_v6.o
       100          0          0          0          0         80   rt_memcpy_w.o
         0          0          0          0          0          0   rtentry.o
        12          0          0          0          0          0   rtentry2.o
         6          0          0          0          0          0   rtentry4.o
         2          0          0          0          0          0   rtexit.o
        10          0          0          0          0          0   rtexit2.o
        48         10          0          0          0         84   scanf_char.o
        70          0          0          0          0         80   setvbuf.o
       240          6          0          0          0        156   stdio.o
         0          0          0         12        240          0   stdio_streams.o
       128          0          0          0          0         68   strcmpv7m.o
        62          0          0          0          0         76   strlen.o
       112          0          0          0          0         88   strtol.o
        74          0          0          0          0         80   sys_stackheap_outer.o
         2          0          0          0          0         68   use_no_semi.o
       688        140          0          0          0        212   ddiv.o
        90          4          0          0          0         92   dfixu.o
        38          0          0          0          0         68   dflt_clz.o
       340         12          0          0          0        104   dmul.o
       156          4          0          0          0         92   dnaninf.o
        12          0          0          0          0         68   dretinf.o
        14          0          0          0          0         76   fpinit.o
         0          0          0          0          0          0   usenofp.o

    ----------------------------------------------------------------------
     59296       3922       5482        212       1088     181461   Library Totals
        78          0         12         13          4          0   (incl. Padding)

    ----------------------------------------------------------------------

      Code (inc. data)   RO Data    RW Data    ZI Data      Debug   Library Name

     14640        720        169         21        340      96203   FS_CM3.lib
      2804        140        996         64        192      18146   LPC176xCOMM.lib
       732         26        240          8          0       5675   LPC176xIAP.lib
     11218        578       3352          4          0      28682   LPC176xIMP.lib
      1540         68        156          8          0       6098   LPC176xRTC.lib
      1890         60          0          0          0       5459   LPC176xSPI.lib
      1512        108          0         37          0       5010   LPC176xUART.lib
     14932       1784        220         45        216       8732   TCP_CM3.lib
      8612        278        337         12        336       6744   c_w.l
      1338        160          0          0          0        712   fz_ws.l

    ----------------------------------------------------------------------
     59296       3922       5482        212       1088     181461   Library Totals

    ----------------------------------------------------------------------

==============================================================================


      Code (inc. data)   RO Data    RW Data    ZI Data      Debug   

    132624      10040     206540        428      39224     431220   Grand Totals
    132624      10040     206540         76      39224     431220   ELF Image Totals (compressed)
    132624      10040     206540         76          0          0   ROM Totals

==============================================================================

    Total RO  Size (Code + RO Data)               339164 ( 331.21kB)
    Total RW  Size (RW Data + ZI Data)             39652 (  38.72kB)
    Total ROM Size (Code + RO Data + RW Data)     339240 ( 331.29kB)

==============================================================================

